// Jest Snapshot v1, https://goo.gl/fbAQLP

exports[`<Help /> snapshotting should render correctly 1`] = `
Array [
  <h2
    className="MuiTypography-root MuiTypography-h5 MuiTypography-gutterBottom css-h93ljk-MuiTypography-root"
  >
    Помощь
  </h2>,
  <ul
    className="MuiList-root MuiList-padding css-h4y409-MuiList-root"
  >
    <li
      className="MuiListItem-root MuiListItem-padding css-1tnift2-MuiListItem-root"
      disabled={false}
    >
      <div
        className="MuiListItemText-root css-tlelie-MuiListItemText-root"
      >
        <span
          className="MuiTypography-root MuiTypography-body1 MuiListItemText-primary css-10hburv-MuiTypography-root"
        >
          <a
            className="MuiTypography-root MuiTypography-inherit MuiLink-root MuiLink-underlineAlways css-1ps4owl-MuiTypography-root-MuiLink-root"
            href="/help/how-to-book"
            onBlur={[Function]}
            onClick={[Function]}
            onFocus={[Function]}
          >
            Как записаться на консультацию
          </a>
        </span>
      </div>
    </li>
  </ul>,
  <div
    className="MuiPaper-root MuiPaper-elevation MuiPaper-rounded MuiPaper-elevation0 MuiAlert-root MuiAlert-standardInfo MuiAlert-standard css-12mvehg-MuiPaper-root-MuiAlert-root"
    role="alert"
  >
    <div
      className="MuiAlert-icon css-1ytlwq5-MuiAlert-icon"
    >
      <svg
        aria-hidden={true}
        className="MuiSvgIcon-root MuiSvgIcon-fontSizeInherit css-1vooibu-MuiSvgIcon-root"
        data-testid="InfoOutlinedIcon"
        focusable="false"
        viewBox="0 0 24 24"
      >
        <path
          d="M11,9H13V7H11M12,20C7.59,20 4,16.41 4,12C4,7.59 7.59,4 12,4C16.41,4 20,7.59 20, 12C20,16.41 16.41,20 12,20M12,2A10,10 0 0,0 2,12A10,10 0 0,0 12,22A10,10 0 0,0 22,12A10, 10 0 0,0 12,2M11,17H13V11H11V17Z"
        />
      </svg>
    </div>
    <div
      className="MuiAlert-message css-1pxa9xg-MuiAlert-message"
    >
      <div
        className="MuiTypography-root MuiTypography-body1 MuiTypography-gutterBottom MuiAlertTitle-root css-yslrua-MuiTypography-root-MuiAlertTitle-root"
      >
        Связаться с нами
      </div>
      Если у вас остались вопросы или вы продолжаете испытывать сложности в работе с сайтом, то не стесняйтесь и свяжитесь с нами через 
      <a
        className="MuiTypography-root MuiTypography-inherit MuiLink-root MuiLink-underlineAlways css-1ps4owl-MuiTypography-root-MuiLink-root"
        href="https://t.me/dariaklover"
        onBlur={[Function]}
        onFocus={[Function]}
        rel="noopener"
        target="_blank"
      >
        Telegram
         
        <svg
          aria-hidden={true}
          className="MuiSvgIcon-root MuiSvgIcon-fontSizeSmall css-1xzgpfl-MuiSvgIcon-root"
          data-testid="OpenInNewIcon"
          focusable="false"
          viewBox="0 0 24 24"
        >
          <path
            d="M19 19H5V5h7V3H5c-1.11 0-2 .9-2 2v14c0 1.1.89 2 2 2h14c1.1 0 2-.9 2-2v-7h-2v7zM14 3v2h3.59l-9.83 9.83 1.41 1.41L19 6.41V10h2V3h-7z"
          />
        </svg>
      </a>
      , 
      <a
        className="MuiTypography-root MuiTypography-inherit MuiLink-root MuiLink-underlineAlways css-1ps4owl-MuiTypography-root-MuiLink-root"
        href="https://wa.me/+375447841051"
        onBlur={[Function]}
        onFocus={[Function]}
        rel="noopener"
        target="_blank"
      >
        WhatsApp
         
        <svg
          aria-hidden={true}
          className="MuiSvgIcon-root MuiSvgIcon-fontSizeSmall css-1xzgpfl-MuiSvgIcon-root"
          data-testid="OpenInNewIcon"
          focusable="false"
          viewBox="0 0 24 24"
        >
          <path
            d="M19 19H5V5h7V3H5c-1.11 0-2 .9-2 2v14c0 1.1.89 2 2 2h14c1.1 0 2-.9 2-2v-7h-2v7zM14 3v2h3.59l-9.83 9.83 1.41 1.41L19 6.41V10h2V3h-7z"
          />
        </svg>
      </a>
       или по
       
      <a
        className="MuiTypography-root MuiTypography-inherit MuiLink-root MuiLink-underlineAlways css-1ps4owl-MuiTypography-root-MuiLink-root"
        href="mailto: dariaklover@gmail.com"
        onBlur={[Function]}
        onFocus={[Function]}
        rel="noopener"
        target="_blank"
      >
        электронной почте (
        <i>
          Email
        </i>
        )
         
        <svg
          aria-hidden={true}
          className="MuiSvgIcon-root MuiSvgIcon-fontSizeSmall css-1xzgpfl-MuiSvgIcon-root"
          data-testid="OpenInNewIcon"
          focusable="false"
          viewBox="0 0 24 24"
        >
          <path
            d="M19 19H5V5h7V3H5c-1.11 0-2 .9-2 2v14c0 1.1.89 2 2 2h14c1.1 0 2-.9 2-2v-7h-2v7zM14 3v2h3.59l-9.83 9.83 1.41 1.41L19 6.41V10h2V3h-7z"
          />
        </svg>
      </a>
      . Мы обязательно поможем.
    </div>
  </div>,
]
`;
