// Jest Snapshot v1, https://goo.gl/fbAQLP

exports[`<About /> snapshotting should render correctly 1`] = `
Array [
  <h2
    className="MuiTypography-root MuiTypography-h5 css-ag7rrr-MuiTypography-root"
  >
    –û–±–æ –º–Ω–µ
  </h2>,
  <p
    className="MuiTypography-root MuiTypography-body1 css-ahj2mt-MuiTypography-root"
  >
    –ü—Ä–∏–≤–µ—Ç! –Ø - 
    –î–∞—Ä—å—è –ö–ª–æ–≤–µ—Ä
    .
  </p>,
  <p
    className="MuiTypography-root MuiTypography-body1 css-ahj2mt-MuiTypography-root"
  >
    –ö–ª–æ–≤–µ—Ä - –º–æ–π –ø—Å–µ–≤–¥–æ–Ω–∏–º. –û—Ç –∞–Ω–≥–ª–∏–π—Å–∫–æ–≥–æ 
    <i
      className="MuiTypography-root MuiTypography-body1 css-ahj2mt-MuiTypography-root"
    >
      Ààkl…ô äv…ôr
    </i>
     - –∫–ª–µ–≤–µ—Ä üçÄ
  </p>,
  <p
    className="MuiTypography-root MuiTypography-body1 css-ahj2mt-MuiTypography-root"
  >
    –ú–Ω–µ –æ—á–µ–Ω—å –Ω—Ä–∞–≤–∏—Ç—Å—è –∏–¥–µ—è –ø–µ—Ä–µ–¥–∞—á–∏ —Å–º—ã—Å–ª–æ–≤ —á–µ—Ä–µ–∑ –æ–±—Ä–∞–∑—ã. –í —ç—Ç–æ–º –µ—Å—Ç—å —á—Ç–æ-—Ç–æ —É–≤–ª–µ–∫–∞—Ç–µ–ª—å–Ω–æ–µ, –∏–Ω—Ç–µ—Ä–µ—Å–Ω–æ–µ –∏ —Ç–∞–∏–Ω—Å—Ç–≤–µ–Ω–Ω–æ–µ. –£ –∫–ª–µ–≤–µ—Ä–∞ –µ—Å—Ç—å –º–Ω–æ–≥–æ –∑–Ω–∞—á–µ–Ω–∏–π. –î–ª—è –º–µ–Ω—è - —ç—Ç–æ –æ–ª–∏—Ü–µ—Ç–≤–æ—Ä–µ–Ω–∏–µ –±–∞–ª–∞–Ω—Å–∞ –∏ –≥–∞—Ä–º–æ–Ω–∏–∏. –ü–æ-–º–æ–µ–º—É, –∑–Ω–∞—á–µ–Ω–∏–µ —ç—Ç–æ–≥–æ —Å–∏–º–≤–æ–ª–∞ –æ—á–µ–Ω—å —Ö–æ—Ä–æ—à–æ –æ—Ç—Ä–∞–∂–∞–µ—Ç –º–µ–Ω—è –∏ —Ç–æ, –∫ –µ–º—É —è —Å—Ç—Ä–µ–º–ª—é—Å—å, –≤–æ —á—Ç–æ –≤–µ—Ä—é, —á–µ–º –∑–∞–Ω–∏–º–∞–ª–∞—Å—å –∏ –ø—Ä–æ–¥–æ–ª–∂–∞—é –∑–∞–Ω–∏–º–∞—Ç—å—Å—è.
  </p>,
  <p
    className="MuiTypography-root MuiTypography-body1 css-ahj2mt-MuiTypography-root"
  >
    –í –ø—Ä–æ—à–ª–æ–º —è –≤—Ä–∞—á —Ç–µ—Ä–∞–ø–µ–≤—Ç, –≤—Ä–∞—á –æ–±—â–µ–π –ø—Ä–∞–∫—Ç–∏–∫–∏, –º–∞—Å—Å–∞–∂–∏—Å—Ç –∏ –∫–æ—Å–º–µ—Ç–∏–∫. –Ø –∑–Ω–∞—é –Ω–µ –ø–æ–Ω–∞—Å–ª—ã—à–∫–µ, —á—Ç–æ –¥–ª—è —Å–æ—Ö—Ä–∞–Ω–µ–Ω–∏—è –∑–¥–æ—Ä–æ–≤—å—è –Ω—É–∂–Ω–æ –Ω–µ —Ç–æ–ª—å–∫–æ –≤–ª–∞–¥–µ—Ç—å –Ω—É–∂–Ω–æ–π –∏–Ω—Ñ–æ—Ä–º–∞—Ü–∏–µ–π, –Ω–æ –∏ —É–º–µ—Ç—å —Ä–∞–∑—É–º–Ω–æ –µ–µ –ø—Ä–∏–º–µ–Ω–∏—Ç—å.
  </p>,
  <p
    className="MuiTypography-root MuiTypography-body1 css-ahj2mt-MuiTypography-root"
  >
    –°–µ–π—á–∞—Å —è —É—á—É—Å—å –Ω–∞ health –∫–æ—É—á–∞. –°—É—Ç—å –º–æ–µ–π –ø—Ä–æ—Ñ–µ—Å—Å–∏–∏ - –ø–æ–º–æ—á—å —á–µ–ª–æ–≤–µ–∫—É –Ω–∞–π—Ç–∏ –±–∞–ª–∞–Ω—Å. –ë–∞–ª–∞–Ω—Å –≤ –µ–≥–æ —Ñ–∏–∑–∏—á–µ—Å–∫–æ–º, —ç–º–æ—Ü–∏–æ–Ω–∞–ª—å–Ω–æ–º, –º–µ–Ω—Ç–∞–ª—å–Ω–æ–º –∏ –¥—É—Ö–æ–≤–Ω–æ–º –∑–¥–æ—Ä–æ–≤—å–µ.
  </p>,
  <p
    className="MuiTypography-root MuiTypography-body1 css-ahj2mt-MuiTypography-root"
  >
    –ú–æ—è —Ä–æ–ª—å –∫–∞–∫ health –∫–æ—É—á–∞ - –ø–æ–º–æ—á—å —á–µ–ª–æ–≤–µ–∫—É —É–≤–µ—Ä–µ–Ω–Ω–æ –ø—Ä–æ–π—Ç–∏ –µ–≥–æ –ø—É—Ç—å –∫ –æ–∑–¥–æ—Ä–æ–≤–ª–µ–Ω–∏—é, —Å–æ–∑–¥–∞–≤–∞—è –±–ª–∞–≥–æ–ø—Ä–∏—è—Ç–Ω—É—é –∞—Ç–º–æ—Å—Ñ–µ—Ä—É –¥–ª—è –∏–∑–º–µ–Ω–µ–Ω–∏–π, —Å–Ω–∞–±–∂–∞—è –Ω–µ–æ–±—Ö–æ–¥–∏–º—ã–º–∏ –∑–Ω–∞–Ω–∏—è–º–∏ –∏ –∏–Ω—Å—Ç—Ä—É–º–µ–Ω—Ç–∞–º–∏ –¥–ª—è –ø—Ä–∏–æ–±—Ä–µ—Ç–µ–Ω–∏—è, —Å–æ—Ö—Ä–∞–Ω–µ–Ω–∏—è –∏ —É–ø—Ä–∞–≤–ª–µ–Ω–∏—è —Å–≤–æ–∏–º –∑–¥–æ—Ä–æ–≤—å–µ–º.
  </p>,
  <p
    className="MuiTypography-root MuiTypography-body1 css-ahj2mt-MuiTypography-root"
  >
    –ü–æ–∑–Ω–∞–∫–æ–º–∏—Ç—å—Å—è —Å–æ –º–Ω–æ–π –ø–æ–ª—É—á—à–µ –≤—ã –º–æ–∂–µ—Ç–µ —á–µ—Ä–µ–∑ –º–æ–π –ò–Ω—Å—Ç–∞–≥—Ä–∞–º
     
    <a
      className="MuiTypography-root MuiTypography-inherit MuiLink-root MuiLink-underlineAlways css-1ps4owl-MuiTypography-root-MuiLink-root"
      href="https://www.instagram.com/daria.klover"
      onBlur={[Function]}
      onFocus={[Function]}
      target="_blank"
    >
      @daria.klover
       
      <svg
        aria-hidden={true}
        className="MuiSvgIcon-root MuiSvgIcon-fontSizeSmall css-1xzgpfl-MuiSvgIcon-root"
        data-testid="OpenInNewIcon"
        focusable="false"
        viewBox="0 0 24 24"
      >
        <path
          d="M19 19H5V5h7V3H5c-1.11 0-2 .9-2 2v14c0 1.1.89 2 2 2h14c1.1 0 2-.9 2-2v-7h-2v7zM14 3v2h3.59l-9.83 9.83 1.41 1.41L19 6.41V10h2V3h-7z"
        />
      </svg>
    </a>
    . –¢–∞–º —è –≤—Ä–µ–º—è –æ—Ç –≤—Ä–µ–º–µ–Ω–∏ –≤—ã–∫–ª–∞–¥—ã–≤–∞—é —Å—Ç–æ—Ä–∏–∑ –∏ –ø–æ—Å—Ç—ã –æ —Å–µ–±–µ, —Å–≤–æ–∏—Ö –æ—Å–æ–∑–Ω–∞–Ω–∏—è—Ö –∏ –≤–∞–∂–Ω—ã—Ö –¥–ª—è –º–µ–Ω—è —Å–æ–±—ã—Ç–∏—è—Ö.
  </p>,
  <p
    className="MuiTypography-root MuiTypography-body1 css-ahj2mt-MuiTypography-root"
  >
    –ê –¥–∞–Ω–Ω—ã–π —Å–∞–π—Ç - —ç—Ç–æ –ø–ª–æ—â–∞–¥–∫–∞ –¥–ª—è –ø—Ä–æ—Ñ–µ—Å—Å–∏–æ–Ω–∞–ª—å–Ω–æ–≥–æ —Ç–≤–æ—Ä—á–µ—Å—Ç–≤–∞.
  </p>,
  <p
    className="MuiTypography-root MuiTypography-body1 css-ahj2mt-MuiTypography-root"
  >
    –î–æ–±—Ä–æ –ø–æ–∂–∞–ª–æ–≤–∞—Ç—å –≤ –≥–æ—Å—Ç–∏!
  </p>,
]
`;
