// Jest Snapshot v1, https://goo.gl/fbAQLP

exports[`<Booking /> snapshotting should render correctly 1`] = `
Array [
  <h2
    className="MuiTypography-root MuiTypography-h5 MuiTypography-gutterBottom css-h93ljk-MuiTypography-root"
  >
    –ó–∞–ø–∏—Å—å –Ω–∞ –∫–æ–Ω—Å—É–ª—å—Ç–∞—Ü–∏—é (–ë–µ—Ç–∞)
  </h2>,
  <p
    className="MuiTypography-root MuiTypography-body1 MuiTypography-gutterBottom css-d3wcwz-MuiTypography-root"
  >
    –ù–∞ –¥–∞–Ω–Ω—ã–π –º–æ–º–µ–Ω—Ç –¥–æ—Å—Ç—É–ø–Ω—ã —Å–ª–µ–¥—É—é—â–∏–µ –≤–∏–¥—ã –∫–æ–Ω—Å—É–ª—å—Ç–∞—Ü–∏–π: 
  </p>,
  <ul
    className="MuiList-root MuiList-padding css-h4y409-MuiList-root"
  >
    <li
      className="MuiListItem-root MuiListItem-gutters MuiListItem-padding css-1p823my-MuiListItem-root"
      disabled={false}
    >
      <a
        className="MuiTypography-root MuiTypography-inherit MuiLink-root MuiLink-underlineAlways css-1ps4owl-MuiTypography-root-MuiLink-root"
        href="https://calendly.com/dariaklover/trial"
        onBlur={[Function]}
        onFocus={[Function]}
        target="_blank"
      >
        –û–∑–Ω–∞–∫–æ–º–∏—Ç–µ–ª—å–Ω–∞—è –≤—Å—Ç—Ä–µ—á–∞
      </a>
    </li>
  </ul>,
  <div
    className="MuiPaper-root MuiPaper-elevation MuiPaper-rounded MuiPaper-elevation0 MuiAlert-root MuiAlert-standardWarning MuiAlert-standard css-5ubuof-MuiPaper-root-MuiAlert-root"
    role="alert"
  >
    <div
      className="MuiAlert-icon css-1ytlwq5-MuiAlert-icon"
    >
      <svg
        aria-hidden={true}
        className="MuiSvgIcon-root MuiSvgIcon-fontSizeInherit css-1vooibu-MuiSvgIcon-root"
        data-testid="ReportProblemOutlinedIcon"
        focusable="false"
        viewBox="0 0 24 24"
      >
        <path
          d="M12 5.99L19.53 19H4.47L12 5.99M12 2L1 21h22L12 2zm1 14h-2v2h2v-2zm0-6h-2v4h2v-4z"
        />
      </svg>
    </div>
    <div
      className="MuiAlert-message css-acap47-MuiAlert-message"
    >
      <div
        className="MuiTypography-root MuiTypography-body1 MuiTypography-gutterBottom MuiAlertTitle-root css-yslrua-MuiTypography-root-MuiAlertTitle-root"
      >
        –°–∏—Å—Ç–µ–º–∞ —Ç–µ—Å—Ç–∏—Ä—É–µ—Ç—Å—è
      </div>
      –û–±—Ä–∞—â–∞–µ–º –≤–∞—à–µ –≤–Ω–∏–º–∞–Ω–∏–µ, —á—Ç–æ —Å–∏—Å—Ç–µ–º–∞ –∑–∞–ø–∏—Å–∏ –Ω–∞ –∫–æ–Ω—Å—É–ª—å—Ç–∞—Ü–∏—é –Ω–∞—Ö–æ–¥–∏—Ç—Å—è –≤ —Ä–µ–∂–∏–º–µ —Ç–µ—Å—Ç–∏—Ä–æ–≤–∞–Ω–∏—è –∏ –º–æ–∂–µ—Ç –±—ã—Ç—å –Ω–µ—Å—Ç–∞–±–∏–ª—å–Ω–∞.
    </div>
  </div>,
  <div
    className="MuiPaper-root MuiPaper-elevation MuiPaper-rounded MuiPaper-elevation0 MuiAlert-root MuiAlert-standardInfo MuiAlert-standard css-efxmhs-MuiPaper-root-MuiAlert-root"
    role="alert"
  >
    <div
      className="MuiAlert-icon css-1ytlwq5-MuiAlert-icon"
    >
      <svg
        aria-hidden={true}
        className="MuiSvgIcon-root MuiSvgIcon-fontSizeInherit css-1vooibu-MuiSvgIcon-root"
        data-testid="InfoOutlinedIcon"
        focusable="false"
        viewBox="0 0 24 24"
      >
        <path
          d="M11,9H13V7H11M12,20C7.59,20 4,16.41 4,12C4,7.59 7.59,4 12,4C16.41,4 20,7.59 20, 12C20,16.41 16.41,20 12,20M12,2A10,10 0 0,0 2,12A10,10 0 0,0 12,22A10,10 0 0,0 22,12A10, 10 0 0,0 12,2M11,17H13V11H11V17Z"
        />
      </svg>
    </div>
    <div
      className="MuiAlert-message css-acap47-MuiAlert-message"
    >
      <div
        className="MuiTypography-root MuiTypography-body1 MuiTypography-gutterBottom MuiAlertTitle-root css-yslrua-MuiTypography-root-MuiAlertTitle-root"
      >
        –†—É—Å—Å–∫–∏–π —è–∑—ã–∫
      </div>
      C–∏—Å—Ç–µ–º–∞ –∑–∞–ø–∏—Å–∏ –Ω–∞ –∫–æ–Ω—Å—É–ª—å—Ç–∞—Ü–∏—é –Ω–∞—Ö–æ–¥–∏—Ç—Å—è –Ω–∞ —Å—Ç–æ—Ä–æ–Ω–Ω–µ–º —Å–µ—Ä–≤–∏—Å–µ, –∫–æ—Ç–æ—Ä—ã–π –æ—á–µ–Ω—å –ø—Ä–æ—Å—Ç–æ–π –∏ –ø–æ–Ω—è—Ç–Ω—ã–π, –æ–¥–Ω–∞–∫–æ —ç—Ç–æ—Ç —Å–µ—Ä–≤–∏—Å –Ω–µ –∏–º–µ–µ—Ç —Ä—É—Å—Å–∫–æ–≥–æ —è–∑—ã–∫–∞. –î–ª—è —Ç–µ—Ö, –∫—Ç–æ –Ω–µ –≥–æ–≤–æ—Ä–∏—Ç –ø–æ-–∞–Ω–≥–ª–∏–π—Å–∫–∏, –º—ã –æ—á–µ–Ω—å –ø–æ—Å—Ç–∞—Ä–∞–ª–∏—Å—å –ø–µ—Ä–µ–≤–µ—Å—Ç–∏ –Ω–∞ —Ä—É—Å—Å–∫–∏–π —è–∑—ã–∫ –≤—Å–µ —ç–ª–µ–º–µ–Ω—Ç—ã –Ω–∞ —Å—Ç—Ä–∞–Ω–∏—á–∫–∞—Ö, –Ω–æ, –∫ —Å–æ–∂–∞–ª–µ–Ω–∏—é, –Ω–∞ –¥–∞–Ω–Ω—ã–π –º–æ–º–µ–Ω—Ç —Ç–µ—Ö–Ω–∏—á–µ—Å–∫–∏ –Ω–µ –≤–æ–∑–º–æ–∂–Ω–æ –ø—Ä–µ–¥–æ—Å—Ç–∞–≤–∏—Ç—å 100% —Ä—É—Å—Å–∫—É—é –≤–µ—Ä—Å–∏—é, –ø–æ—ç—Ç–æ–º—É –º—ã –∞–∫—Ç–∏–≤–Ω–æ —Ä–∞–±–æ—Ç–∞–µ–º –Ω–∞–¥ —Ä–∞–∑—Ä–∞–±–æ—Ç–∫–æ–π –ø—Ä–æ—Å—Ç–æ–π –∏ –ø–æ–Ω—è—Ç–Ω–æ–π –∏–Ω—Å—Ç—Ä—É–∫—Ü–∏–∏ –ø–æ –∏—Å–ø–æ–ª—å–∑–æ–≤–∞–Ω–∏—é, –∫–æ—Ç–æ—Ä–∞—è —Å–∫–æ—Ä–æ –±—É–¥–µ—Ç –æ–ø—É–±–ª–∏–∫–æ–≤–∞–Ω–∞ –Ω–∞ —ç—Ç–æ–π —Å—Ç—Ä–∞–Ω–∏—Ü–µ. –°–ø–∞—Å–∏–±–æ –∑–∞ –≤–∞—à–µ —Ç–µ—Ä–ø–µ–Ω–∏–µ –∏ –ø–æ–Ω–∏–º–∞–Ω–∏–µ üòá
    </div>
  </div>,
]
`;
