// Jest Snapshot v1, https://goo.gl/fbAQLP

exports[`<Booking /> snapshotting should render correctly with props 1`] = `
Array [
  <h2
    className="MuiTypography-root MuiTypography-h5 css-ag7rrr-MuiTypography-root"
  >
    Lorem Ipsulum
  </h2>,
  <p
    className="MuiTypography-root MuiTypography-body1 css-ahj2mt-MuiTypography-root"
  >
    –ò—Å–ø–æ–ª—å–∑—É–π—Ç–µ
     
    <a
      className="MuiTypography-root MuiTypography-inherit MuiLink-root MuiLink-underlineAlways css-1yirhap-MuiTypography-root-MuiLink-root"
      href="https://calendly.com/dariaklover"
      onBlur={[Function]}
      onFocus={[Function]}
      target="_blank"
    >
      –ö–∞–ª–µ–Ω–¥–∞—Ä—å –î–∞—Ä—å–∏
       
      <svg
        aria-hidden={true}
        className="MuiSvgIcon-root MuiSvgIcon-fontSizeSmall css-1xzgpfl-MuiSvgIcon-root"
        data-testid="OpenInNewIcon"
        focusable="false"
        viewBox="0 0 24 24"
      >
        <path
          d="M19 19H5V5h7V3H5c-1.11 0-2 .9-2 2v14c0 1.1.89 2 2 2h14c1.1 0 2-.9 2-2v-7h-2v7zM14 3v2h3.59l-9.83 9.83 1.41 1.41L19 6.41V10h2V3h-7z"
        />
      </svg>
    </a>
     
    –¥–ª—è –æ–∑–Ω–∞–∫–æ–º–ª–µ–Ω–∏—è —Å —Ä–∞—Å–ø–∏—Å–∞–Ω–∏–µ–º –∏ –¥–ª—è –∑–∞–ø–∏—Å–∏ –Ω–∞ –∫–æ–Ω—Å—É–ª—å—Ç–∞—Ü–∏—é.
  </p>,
  <div
    className="MuiCollapse-root MuiCollapse-vertical MuiCollapse-entered css-pwcg7p-MuiCollapse-root"
    style={
      Object {
        "minHeight": "0px",
      }
    }
  >
    <div
      className="MuiCollapse-wrapper MuiCollapse-vertical css-smkl36-MuiCollapse-wrapper"
    >
      <div
        className="MuiCollapse-wrapperInner MuiCollapse-vertical css-9l5vo-MuiCollapse-wrapperInner"
      >
        <div
          className="MuiPaper-root MuiPaper-elevation MuiPaper-rounded MuiPaper-elevation0 MuiAlert-root MuiAlert-standardInfo MuiAlert-standard css-12e0018-MuiPaper-root-MuiAlert-root"
          role="alert"
        >
          <div
            className="MuiAlert-icon css-1ytlwq5-MuiAlert-icon"
          >
            <svg
              aria-hidden={true}
              className="MuiSvgIcon-root MuiSvgIcon-fontSizeInherit css-1vooibu-MuiSvgIcon-root"
              data-testid="InfoOutlinedIcon"
              focusable="false"
              viewBox="0 0 24 24"
            >
              <path
                d="M11,9H13V7H11M12,20C7.59,20 4,16.41 4,12C4,7.59 7.59,4 12,4C16.41,4 20,7.59 20, 12C20,16.41 16.41,20 12,20M12,2A10,10 0 0,0 2,12A10,10 0 0,0 12,22A10,10 0 0,0 22,12A10, 10 0 0,0 12,2M11,17H13V11H11V17Z"
              />
            </svg>
          </div>
          <div
            className="MuiAlert-message css-acap47-MuiAlert-message"
          >
            <div
              className="MuiTypography-root MuiTypography-body1 MuiTypography-gutterBottom MuiAlertTitle-root css-yslrua-MuiTypography-root-MuiAlertTitle-root"
            >
              –ú–∞–ª–µ–Ω—å–∫–æ–µ –æ–±—ä—è–≤–ª–µ–Ω–∏–µ
            </div>
            –ö–∞–ª–µ–Ω–¥–∞—Ä—å –î–∞—Ä—å–∏ –Ω–∞—Ö–æ–¥–∏—Ç—Å—è –Ω–∞ —Å—Ç–æ—Ä–æ–Ω–Ω–µ–º —Å–µ—Ä–≤–∏—Å–µ Calendly, –∫–æ—Ç–æ—Ä—ã–π –æ—á–µ–Ω—å –ø—Ä–æ—Å—Ç–æ–π –∏ –ø–æ–Ω—è—Ç–Ω—ã–π. –í —Ç–æ –∂–µ –≤—Ä–µ–º—è, –∫ —Å–æ–∂–∞–ª–µ–Ω–∏—é, —ç—Ç–æ—Ç —Å–µ—Ä–≤–∏—Å –Ω–µ –∏–º–µ–µ—Ç —Ä—É—Å—Å–∫–æ–≥–æ —è–∑—ã–∫–∞. –î–ª—è —Ç–µ—Ö, –∫—Ç–æ –Ω–µ –≥–æ–≤–æ—Ä–∏—Ç –ø–æ-–∞–Ω–≥–ª–∏–π—Å–∫–∏, –º—ã –æ—á–µ–Ω—å –ø–æ—Å—Ç–∞—Ä–∞–ª–∏—Å—å –ø–µ—Ä–µ–≤–µ—Å—Ç–∏ –Ω–∞ —Ä—É—Å—Å–∫–∏–π —è–∑—ã–∫ –≤—Å–µ —Å—Ç—Ä–∞–Ω–∏—á–∫–∏, –Ω–æ, –∫ —Å–æ–∂–∞–ª–µ–Ω–∏—é, –Ω–∞ –¥–∞–Ω–Ω—ã–π –º–æ–º–µ–Ω—Ç —Ç–µ—Ö–Ω–∏—á–µ—Å–∫–∏ –Ω–µ –≤–æ–∑–º–æ–∂–Ω–æ –ø—Ä–µ–¥–æ—Å—Ç–∞–≤–∏—Ç—å 100% —Ä—É—Å—Å–∫—É—é –≤–µ—Ä—Å–∏—é, –ø–æ—ç—Ç–æ–º—É –º—ã –∞–∫—Ç–∏–≤–Ω–æ —Ä–∞–±–æ—Ç–∞–µ–º –Ω–∞–¥ —Ä–∞–∑—Ä–∞–±–æ—Ç–∫–æ–π –∏–Ω—Å—Ç—Ä—É–∫—Ü–∏–∏ –ø–æ –∏—Å–ø–æ–ª—å–∑–æ–≤–∞–Ω–∏—é –∫–∞–ª–µ–Ω–¥–∞—Ä—è –î–∞—Ä—å–∏, –∫–æ—Ç–æ—Ä–∞—è –æ—á–µ–Ω—å —Å–∫–æ—Ä–æ –±—É–¥–µ—Ç –æ–ø—É–±–ª–∏–∫–æ–≤–∞–Ω–∞ –Ω–∞ —ç—Ç–æ–π —Å—Ç—Ä–∞–Ω–∏—Ü–µ. –°–ø–∞—Å–∏–±–æ –∑–∞ –≤–∞—à–µ —Ç–µ—Ä–ø–µ–Ω–∏–µ –∏ –ø–æ–Ω–∏–º–∞–Ω–∏–µ üòá
          </div>
          <div
            className="MuiAlert-action css-ki1hdl-MuiAlert-action"
          >
            <button
              aria-label="–ó–∞–∫—Ä—ã—Ç—å"
              className="MuiButtonBase-root MuiIconButton-root MuiIconButton-colorInherit MuiIconButton-sizeMedium css-zylse7-MuiButtonBase-root-MuiIconButton-root"
              disabled={false}
              onBlur={[Function]}
              onClick={[Function]}
              onContextMenu={[Function]}
              onDragLeave={[Function]}
              onFocus={[Function]}
              onKeyDown={[Function]}
              onKeyUp={[Function]}
              onMouseDown={[Function]}
              onMouseLeave={[Function]}
              onMouseUp={[Function]}
              onTouchEnd={[Function]}
              onTouchMove={[Function]}
              onTouchStart={[Function]}
              tabIndex={0}
              type="button"
            >
              <svg
                aria-hidden={true}
                className="MuiSvgIcon-root MuiSvgIcon-fontSizeInherit css-1vooibu-MuiSvgIcon-root"
                data-testid="CloseIcon"
                focusable="false"
                viewBox="0 0 24 24"
              >
                <path
                  d="M19 6.41 17.59 5 12 10.59 6.41 5 5 6.41 10.59 12 5 17.59 6.41 19 12 13.41 17.59 19 19 17.59 13.41 12z"
                />
              </svg>
              <span
                className="MuiTouchRipple-root css-8je8zh-MuiTouchRipple-root"
              />
            </button>
          </div>
        </div>
      </div>
    </div>
  </div>,
]
`;

exports[`<Booking /> snapshotting should render correctly without props 1`] = `
Array [
  <h2
    className="MuiTypography-root MuiTypography-h5 css-ag7rrr-MuiTypography-root"
  />,
  <p
    className="MuiTypography-root MuiTypography-body1 css-ahj2mt-MuiTypography-root"
  >
    –ò—Å–ø–æ–ª—å–∑—É–π—Ç–µ
     
    <a
      className="MuiTypography-root MuiTypography-inherit MuiLink-root MuiLink-underlineAlways css-1yirhap-MuiTypography-root-MuiLink-root"
      href="https://calendly.com/dariaklover"
      onBlur={[Function]}
      onFocus={[Function]}
      target="_blank"
    >
      –ö–∞–ª–µ–Ω–¥–∞—Ä—å –î–∞—Ä—å–∏
       
      <svg
        aria-hidden={true}
        className="MuiSvgIcon-root MuiSvgIcon-fontSizeSmall css-1xzgpfl-MuiSvgIcon-root"
        data-testid="OpenInNewIcon"
        focusable="false"
        viewBox="0 0 24 24"
      >
        <path
          d="M19 19H5V5h7V3H5c-1.11 0-2 .9-2 2v14c0 1.1.89 2 2 2h14c1.1 0 2-.9 2-2v-7h-2v7zM14 3v2h3.59l-9.83 9.83 1.41 1.41L19 6.41V10h2V3h-7z"
        />
      </svg>
    </a>
     
    –¥–ª—è –æ–∑–Ω–∞–∫–æ–º–ª–µ–Ω–∏—è —Å —Ä–∞—Å–ø–∏—Å–∞–Ω–∏–µ–º –∏ –¥–ª—è –∑–∞–ø–∏—Å–∏ –Ω–∞ –∫–æ–Ω—Å—É–ª—å—Ç–∞—Ü–∏—é.
  </p>,
  <div
    className="MuiCollapse-root MuiCollapse-vertical MuiCollapse-entered css-pwcg7p-MuiCollapse-root"
    style={
      Object {
        "minHeight": "0px",
      }
    }
  >
    <div
      className="MuiCollapse-wrapper MuiCollapse-vertical css-smkl36-MuiCollapse-wrapper"
    >
      <div
        className="MuiCollapse-wrapperInner MuiCollapse-vertical css-9l5vo-MuiCollapse-wrapperInner"
      >
        <div
          className="MuiPaper-root MuiPaper-elevation MuiPaper-rounded MuiPaper-elevation0 MuiAlert-root MuiAlert-standardInfo MuiAlert-standard css-12e0018-MuiPaper-root-MuiAlert-root"
          role="alert"
        >
          <div
            className="MuiAlert-icon css-1ytlwq5-MuiAlert-icon"
          >
            <svg
              aria-hidden={true}
              className="MuiSvgIcon-root MuiSvgIcon-fontSizeInherit css-1vooibu-MuiSvgIcon-root"
              data-testid="InfoOutlinedIcon"
              focusable="false"
              viewBox="0 0 24 24"
            >
              <path
                d="M11,9H13V7H11M12,20C7.59,20 4,16.41 4,12C4,7.59 7.59,4 12,4C16.41,4 20,7.59 20, 12C20,16.41 16.41,20 12,20M12,2A10,10 0 0,0 2,12A10,10 0 0,0 12,22A10,10 0 0,0 22,12A10, 10 0 0,0 12,2M11,17H13V11H11V17Z"
              />
            </svg>
          </div>
          <div
            className="MuiAlert-message css-acap47-MuiAlert-message"
          >
            <div
              className="MuiTypography-root MuiTypography-body1 MuiTypography-gutterBottom MuiAlertTitle-root css-yslrua-MuiTypography-root-MuiAlertTitle-root"
            >
              –ú–∞–ª–µ–Ω—å–∫–æ–µ –æ–±—ä—è–≤–ª–µ–Ω–∏–µ
            </div>
            –ö–∞–ª–µ–Ω–¥–∞—Ä—å –î–∞—Ä—å–∏ –Ω–∞—Ö–æ–¥–∏—Ç—Å—è –Ω–∞ —Å—Ç–æ—Ä–æ–Ω–Ω–µ–º —Å–µ—Ä–≤–∏—Å–µ Calendly, –∫–æ—Ç–æ—Ä—ã–π –æ—á–µ–Ω—å –ø—Ä–æ—Å—Ç–æ–π –∏ –ø–æ–Ω—è—Ç–Ω—ã–π. –í —Ç–æ –∂–µ –≤—Ä–µ–º—è, –∫ —Å–æ–∂–∞–ª–µ–Ω–∏—é, —ç—Ç–æ—Ç —Å–µ—Ä–≤–∏—Å –Ω–µ –∏–º–µ–µ—Ç —Ä—É—Å—Å–∫–æ–≥–æ —è–∑—ã–∫–∞. –î–ª—è —Ç–µ—Ö, –∫—Ç–æ –Ω–µ –≥–æ–≤–æ—Ä–∏—Ç –ø–æ-–∞–Ω–≥–ª–∏–π—Å–∫–∏, –º—ã –æ—á–µ–Ω—å –ø–æ—Å—Ç–∞—Ä–∞–ª–∏—Å—å –ø–µ—Ä–µ–≤–µ—Å—Ç–∏ –Ω–∞ —Ä—É—Å—Å–∫–∏–π —è–∑—ã–∫ –≤—Å–µ —Å—Ç—Ä–∞–Ω–∏—á–∫–∏, –Ω–æ, –∫ —Å–æ–∂–∞–ª–µ–Ω–∏—é, –Ω–∞ –¥–∞–Ω–Ω—ã–π –º–æ–º–µ–Ω—Ç —Ç–µ—Ö–Ω–∏—á–µ—Å–∫–∏ –Ω–µ –≤–æ–∑–º–æ–∂–Ω–æ –ø—Ä–µ–¥–æ—Å—Ç–∞–≤–∏—Ç—å 100% —Ä—É—Å—Å–∫—É—é –≤–µ—Ä—Å–∏—é, –ø–æ—ç—Ç–æ–º—É –º—ã –∞–∫—Ç–∏–≤–Ω–æ —Ä–∞–±–æ—Ç–∞–µ–º –Ω–∞–¥ —Ä–∞–∑—Ä–∞–±–æ—Ç–∫–æ–π –∏–Ω—Å—Ç—Ä—É–∫—Ü–∏–∏ –ø–æ –∏—Å–ø–æ–ª—å–∑–æ–≤–∞–Ω–∏—é –∫–∞–ª–µ–Ω–¥–∞—Ä—è –î–∞—Ä—å–∏, –∫–æ—Ç–æ—Ä–∞—è –æ—á–µ–Ω—å —Å–∫–æ—Ä–æ –±—É–¥–µ—Ç –æ–ø—É–±–ª–∏–∫–æ–≤–∞–Ω–∞ –Ω–∞ —ç—Ç–æ–π —Å—Ç—Ä–∞–Ω–∏—Ü–µ. –°–ø–∞—Å–∏–±–æ –∑–∞ –≤–∞—à–µ —Ç–µ—Ä–ø–µ–Ω–∏–µ –∏ –ø–æ–Ω–∏–º–∞–Ω–∏–µ üòá
          </div>
          <div
            className="MuiAlert-action css-ki1hdl-MuiAlert-action"
          >
            <button
              aria-label="–ó–∞–∫—Ä—ã—Ç—å"
              className="MuiButtonBase-root MuiIconButton-root MuiIconButton-colorInherit MuiIconButton-sizeMedium css-zylse7-MuiButtonBase-root-MuiIconButton-root"
              disabled={false}
              onBlur={[Function]}
              onClick={[Function]}
              onContextMenu={[Function]}
              onDragLeave={[Function]}
              onFocus={[Function]}
              onKeyDown={[Function]}
              onKeyUp={[Function]}
              onMouseDown={[Function]}
              onMouseLeave={[Function]}
              onMouseUp={[Function]}
              onTouchEnd={[Function]}
              onTouchMove={[Function]}
              onTouchStart={[Function]}
              tabIndex={0}
              type="button"
            >
              <svg
                aria-hidden={true}
                className="MuiSvgIcon-root MuiSvgIcon-fontSizeInherit css-1vooibu-MuiSvgIcon-root"
                data-testid="CloseIcon"
                focusable="false"
                viewBox="0 0 24 24"
              >
                <path
                  d="M19 6.41 17.59 5 12 10.59 6.41 5 5 6.41 10.59 12 5 17.59 6.41 19 12 13.41 17.59 19 19 17.59 13.41 12z"
                />
              </svg>
            </button>
          </div>
        </div>
      </div>
    </div>
  </div>,
]
`;
